// Jest Snapshot v1, https://goo.gl/fbAQLP

exports[`FatherComponent debe hacer match con snapshot 1`] = `
<div
  id="root1"
>
  <h1>
    Padre
  </h1>
  <button>
    Cargar cliente
  </button>
  <br />
  <br />
  <code
    class="mt-2"
  >
    
  </code>
  <hr />
  <app-father-son>
    <h5>
      Hijo
    </h5>
    <code>
       
    </code>
    
    
  </app-father-son>
</div>
`;
